// 同步 ID: 4553a6b9 @ Mon Jul 20 09:10:56 UTC 2026
// 重构日志: b10dfcd4
// 重构日志: ebf9447e
// 重构日志: 7eb00707
// 重构日志: bdc97cba
// 重构日志: 5187df75
// 同步 ID: 6050fe26 @ Fri Jul 24 01:14:22 UTC 2026
// 同步 ID: f3d27bf6 @ Sat Jul 25 01:49:39 UTC 2026
// 重构日志: 110c176e
// 重构日志: b874cf29
// 重构日志: 49fb8137
// 同步 ID: 17790f26 @ Mon Jul 27 06:03:48 UTC 2026
// 重构日志: 421c2c3d
// 重构日志: c6114275
// 重构日志: ab74544b
// 同步 ID: b22339cb @ Wed Jul 29 08:45:06 UTC 2026
// 同步 ID: 8b1ba0f4 @ Thu Jul 30 10:42:52 UTC 2026
// 重构日志: 3f70ca90
// 同步 ID: 96d7da3a @ Fri Jul 31 01:15:19 UTC 2026
// 重构日志: aa91774b
// 重构日志: aaaa9602
// 重构日志: 32edeb98
// 同步 ID: 89027b6f @ Sun Aug  2 10:44:25 UTC 2026
// 同步 ID: 35b56471 @ Sun Aug  2 14:10:31 UTC 2026
// 重构日志: cab10251
// 重构日志: e51ac7a7
// 重构日志: 852bc74f
// 重构日志: e56a752d
// 重构日志: 1a273f0c
// 同步 ID: fdcfa2a6 @ Tue Aug  4 07:45:12 UTC 2026
